
Running 2 tests using 1 worker

[1A[2K[1/2] [chromium] ΓÇ║ e2e\playwright\auth-smoke.spec.ts:4:9 ΓÇ║ Firebase Auth Smoke Test ΓÇ║ should load login page and have Firebase config initialized
[1A[2K  1) [chromium] ΓÇ║ e2e\playwright\auth-smoke.spec.ts:4:9 ΓÇ║ Firebase Auth Smoke Test ΓÇ║ should load login page and have Firebase config initialized 

    Error: [2mexpect([22m[31mreceived[39m[2m).[22mtoBeDefined[2m()[22m

    Received: [31mundefined[39m

      21 |         // We look for the log "[FIREBASE INIT] API Key: ..."
      22 |         const initLog = logs.find(l => l.includes('[FIREBASE INIT] API Key'));
    > 23 |         expect(initLog).toBeDefined();
         |                         ^
      24 |         expect(initLog).not.toContain('MISSING');
      25 |     });
      26 |
        at D:\Thaiba Garden Media Manager-Orchids\e2e\playwright\auth-smoke.spec.ts:23:25

    Error Context: test-results\auth-smoke-Firebase-Auth-S-e515d-Firebase-config-initialized-chromium\error-context.md


[1A[2K[2/2] [chromium] ΓÇ║ e2e\playwright\auth-smoke.spec.ts:27:9 ΓÇ║ Firebase Auth Smoke Test ΓÇ║ should validate runtime config injection (simulated)
[1A[2K  2) [chromium] ΓÇ║ e2e\playwright\auth-smoke.spec.ts:27:9 ΓÇ║ Firebase Auth Smoke Test ΓÇ║ should validate runtime config injection (simulated) 

    Error: [2mexpect([22m[31mreceived[39m[2m).[22mtoBeTruthy[2m()[22m

    Received: [31m""[39m

      31 |         const json = await response?.json();
      32 |         expect(json).toHaveProperty('apiKey');
    > 33 |         expect(json.apiKey).toBeTruthy();
         |                             ^
      34 |     });
      35 | });
      36 |
        at D:\Thaiba Garden Media Manager-Orchids\e2e\playwright\auth-smoke.spec.ts:33:29

    Error Context: test-results\auth-smoke-Firebase-Auth-S-d5662-config-injection-simulated--chromium\error-context.md


[1A[2K  2 failed
    [chromium] ΓÇ║ e2e\playwright\auth-smoke.spec.ts:4:9 ΓÇ║ Firebase Auth Smoke Test ΓÇ║ should load login page and have Firebase config initialized 
    [chromium] ΓÇ║ e2e\playwright\auth-smoke.spec.ts:27:9 ΓÇ║ Firebase Auth Smoke Test ΓÇ║ should validate runtime config injection (simulated) 
