src/components/tasks/TaskActivityFeed.tsx(13,7): error TS2741: Property 'conflict_resolved' is missing in type '{ status_changed: JSX.Element; priority_changed: JSX.Element; assigned: JSX.Element; unassigned: JSX.Element; deleted: JSX.Element; restored: JSX.Element; }' but required in type 'Record<ActivityAction, ReactNode>'.
src/hooks/useOptimisticTasks.ts(472,50): error TS2345: Argument of type '{ action: "conflict_resolved"; label: string; actorUid: any; actorName: any; }' is not assignable to parameter of type 'Omit<ActivityEntry, "id" | "taskId" | "timestamp">'.
  Property 'scope' is missing in type '{ action: "conflict_resolved"; label: string; actorUid: any; actorName: any; }' but required in type 'Omit<ActivityEntry, "id" | "taskId" | "timestamp">'.
src/hooks/useOptimisticTasks.ts(515,46): error TS2345: Argument of type '{ action: "conflict_resolved"; label: string; actorUid: any; actorName: any; }' is not assignable to parameter of type 'Omit<ActivityEntry, "id" | "taskId" | "timestamp">'.
  Property 'scope' is missing in type '{ action: "conflict_resolved"; label: string; actorUid: any; actorName: any; }' but required in type 'Omit<ActivityEntry, "id" | "taskId" | "timestamp">'.
